---
source: rs-toxcore-c/toxxi/tests/file_transfer_scroll_test.rs
expression: rendered
---
────────────────────────────────────────────────────────────────────────────────────────────────────────────────────────
Contacts                │Test Group                                                            ┌Participants (2)────────
  ▼ System              │                | ╰─────────────────────────────────────────────────╯↑│& Tester                
    ○ Status            │        ●       | Trailing 00                                        ││  Alice                 
    ○ Logs              │        ●       | Trailing 01                                        ││                        
    ○ Files             │        ●       | Trailing 02                                        ││                        
                        │        ●       | Trailing 03                                        ││                        
  ▼ 👤 Friends          │        ●       | Trailing 04                                        ││                        
                        │        ●       | Trailing 05                                        ││                        
  ▼ 👥 Groups           │        ●       | Trailing 06                                        ││                        
┃   # Test Group        │        ●       | Trailing 07                                        ││                        
                        │        ●       | Trailing 08                                        ││                        
  ▼ 🧑‍🤝‍🧑 Conferences      │        ●       | Trailing 09                                        █│                        
                        │        ●       | Trailing 10                                        █│                        
                        │        ●       | Trailing 11                                        █│                        
                        │        ●       | Trailing 12                                        ││                        
                        │        ●       | Trailing 13                                        ↓│                        
[12:00] [Offline] <Tester (Tester)> [Online] [0:Status] [1:Test Group]                                                  
╭──────────────────────────────────────────────────────────────────────────────────────────────────────────────────────╮
│>                                                                                                                     │
╰──────────────────────────────────────────────────────────────────────────────────────────────────────────────────────╯
────────────────────────────────────────────────────────────────────────────────────────────────────────────────────────
