---
source: rs-toxcore-c/toxxi/tests/file_transfer_scroll_test.rs
expression: rendered
---
────────────────────────────────────────────────────────────────────────────────────────────────────────────────────────
Contacts                │Test Group                                                            ┌Participants (1)────────
  ▼ System              │                                                                      │& Tester                
    ○ Status            │                                                                      │                        
    ○ Logs              │                                                                      │                        
    ○ Files             │                                                                      │                        
                        │                                                                      │                        
  ▼ 👤 Friends          │                                                                      │                        
                        │                                                                      │                        
  ▼ 👥 Groups           │                                                                      │                        
┃   # Test Group        │                                                                      │                        
                        │                                                                      │                        
  ▼ 🧑‍🤝‍🧑 Conferences      │                                                                      │                        
                        │                                                                      │                        
                        │[12:00] ● Alice | ╭─ 🎮 Chess Challenge─────────────────────────────╮ │                        
                        │                | │ Alice wants to play!                            │ │                        
                        │                | ╰─ [ (j) Join Game ] [ (n) No thanks ] ───────────╯ │                        
[12:00] [Offline] <Tester (Tester)> [Online] [0:Status] [1:Test Group]                                                  
╭──────────────────────────────────────────────────────────────────────────────────────────────────────────────────────╮
│>                                                                                                                     │
╰──────────────────────────────────────────────────────────────────────────────────────────────────────────────────────╯
────────────────────────────────────────────────────────────────────────────────────────────────────────────────────────
