---
source: rs-toxcore-c/toxxi/tests/file_transfer_scroll_test.rs
expression: rendered
---
────────────────────────────────────────────────────────────────────────────────────────────────────────────────────────
Contacts                │Test Group                                                            ┌Participants (2)────────
  ▼ System              │        ●       | Initial 27                                         ↑│& Tester                
    ○ Status            │        ●       | Initial 28                                         ││  Alice                 
    ○ Logs              │        ●       | Initial 29                                         ││                        
    ○ Files             │        ●       | Initial 30                                         ││                        
                        │        ●       | Initial 31                                         ││                        
  ▼ 👤 Friends          │        ●       | Initial 32                                         ││                        
                        │        ●       | Initial 33                                         ││                        
  ▼ 👥 Groups           │        ●       | Initial 34                                         █│                        
┃   # Test Group        │        ●       | Initial 35                                         █│                        
                        │        ●       | Initial 36                                         █│                        
  ▼ 🧑‍🤝‍🧑 Conferences      │        ●       | Initial 37                                         ││                        
                        │        ●       | Initial 38                                         ││                        
                        │        ●       | Initial 39                                         ││                        
                        │        ●       | ╭─ 📥 clipping_test.bin [1.0 MB]──────────────────╮││                        
                        │                | │ █████████████░░░░░░░░░░░░  50% (100 KB/s)       │↓│                        
[12:00] [Offline] <Tester (Tester)> [Online] [0:Status] [1:Test Group]                                                  
╭──────────────────────────────────────────────────────────────────────────────────────────────────────────────────────╮
│>                                                                                                                     │
╰──────────────────────────────────────────────────────────────────────────────────────────────────────────────────────╯
────────────────────────────────────────────────────────────────────────────────────────────────────────────────────────
