---
source: rs-toxcore-c/toxxi/tests/file_transfer_scroll_test.rs
expression: rendered
---
────────────────────────────────────────────────────────────────────────────────────────────────────────────────────────
Contacts                │Test Group                                                            ┌Participants (2)────────
  ▼ System              │        ●       | Initial 38                                         ↑│& Tester                
    ○ Status            │        ●       | Initial 39                                         ││  Alice                 
    ○ Logs              │        ●       | ╭─ 📥 clipping_test.bin [1.0 MB]──────────────────╮││                        
    ○ Files             │                | │ █████████████░░░░░░░░░░░░  50% (100 KB/s)       │││                        
                        │                | ╰─────────────────────────────────────────────────╯││                        
  ▼ 👤 Friends          │        ●       | Trailing 00                                        ││                        
                        │        ●       | Trailing 01                                        ││                        
  ▼ 👥 Groups           │        ●       | Trailing 02                                        ││                        
┃   # Test Group        │        ●       | Trailing 03                                        ││                        
                        │        ●       | Trailing 04                                        █│                        
  ▼ 🧑‍🤝‍🧑 Conferences      │        ●       | Trailing 05                                        █│                        
                        │        ●       | Trailing 06                                        █│                        
                        │        ●       | Trailing 07                                        ││                        
                        │        ●       | Trailing 08                                        ││                        
                        │        ●       | Trailing 09                                        ↓│                        
[12:00] [Offline] <Tester (Tester)> [Online] [0:Status] [1:Test Group]                                                  
╭──────────────────────────────────────────────────────────────────────────────────────────────────────────────────────╮
│>                                                                                                                     │
╰──────────────────────────────────────────────────────────────────────────────────────────────────────────────────────╯
────────────────────────────────────────────────────────────────────────────────────────────────────────────────────────
