---
source: rs-toxcore-c/toxxi/tests/ui_golden_test.rs
expression: rendered
---
────────────────────────────────────────────────────────────────────────────────
Contacts                │Bob - Reading                                          
  ▼ System              │                                                       
    ○ Status            │                                                       
    ○ Logs              │                                                       
    ○ Files             │                                                       
                        │                                                       
  ▼ 👤 Friends          │                                                       
┃   ● Bob               │                                                       
                        │                                                       
  ▼ 👥 Groups           │                                                       
                        │                                                       
  ▼ 🧑‍🤝‍🧑 Conferences      │                                                       
                        │                                                       
                        │                                                       
                        │                                                       
                        │                                                       
                        │                                                       
                        │                                                       
                        │                                                       
[12:00] [Offline] <Tester> [Online] [Multi: Ctrl+D to send] < [1:Bob]           
╭──────────────────────────────────────────────────────────────────────────────╮
│> Line 1                                                                      │
│  Line 2                                                                      │
╰──────────────────────────────────────────────────────────────────────────────╯
────────────────────────────────────────────────────────────────────────────────
