---
source: rs-toxcore-c/toxxi/tests/ui_golden_test.rs
expression: rendered_initial
---
────────────────────────────────────────────────────────────────────────────────
Contacts                │Tox ID: 00000000000000000000000000000000000000000000000
  ▼ System              │                                                       
┃   ○ Status            │                                                       
    ○ Logs              │                                                       
    ○ Files             │                                                       
                        │                                                       
  ▼ 👤 Friends      ┌ Emoji Picker ────────────────────────┐                    
                    │Search: ❯                             │                    
  ▼ 👥 Groups       │                                      │                    
                    │──────────────────────────────────────│                    
  ▼ 🧑‍🤝‍🧑 Conferences  │┌ Emojis ────────────────────────────↑│                    
                    ││😊 😃 😉 😛 😞 😠 😢 😮 😐 😕 😎 😘 █│                    
                    ││😀 😄 😁 😆 😅 😂 🤣 😭 😗 😙 😚 🥰 ││                    
                    ││😍 🤩 🥳 🫠 🙃 🙂 🥲 🥹 ☺️ 😌 🙂‍↕️ 🙂‍↔️ ││                    
                    ││😏 🤤 😋 😝 😜 🤪 🫪 🥴 😔 🥺 😬 😑 ││                    
                    │└────────────────────────────────────↓│                    
                    │[↑↓←→] Navigate [Enter] Select [Esc] Close                 
                    └──────────────────────────────────────┘                    
                        │                                                       
                        │                                                       
[12:00] [Offline] <Tester> [Online] [0:Status]                                  
╭──────────────────────────────────────────────────────────────────────────────╮
│>                                                                             │
╰──────────────────────────────────────────────────────────────────────────────╯
────────────────────────────────────────────────────────────────────────────────
