---
source: rs-toxcore-c/toxxi/tests/widgets/profile_tabs_test.rs
expression: rendered
---
────────────────────────────────────────────────────────────────────────────────
 [1: Personal]  [2: Work]  [3: Bot]                                             
────────────────────────────────────────────────────────────────────────────────
