---
source: rs-toxcore-c/toxxi/tests/widgets/message_list_test.rs
expression: rendered
---
────────────────────────────────────────────────────────────
                                                            
                                                            
                                                            
                                                            
                                                            
                                                            
                                                            
[12:00] ●  Alice | Hello!                                   
[12:01] ✓ Tester | Hey Alice, how are you?                  
[12:02] ●  Alice | I'm good, thanks!                        
────────────────────────────────────────────────────────────
