---
source: rs-toxcore-c/toxxi/tests/widgets/game_card_test.rs
expression: rendered
---
──────────────────────────────────────────────────
╭─ 🎮 2048 Challenge─────────────────────────────╮
│ Bob wants to play!                             │
╰─ [ (j) Join Game ] [ (n) No thanks ] ──────────╯
                                                  
                                                  
──────────────────────────────────────────────────
