---
source: rs-toxcore-c/toxxi/tests/widgets/quick_switcher_test.rs
expression: rendered
---
────────────────────────────────────────────────────────────────────────────────
                                                                                
                                                                                
                                                                                
                                                                                
                                                                                
                                                                                
                                                                                
                ┌Quick Switcher────────────────────────────────┐                
                │Go to: ❯ ali                                  │                
                │                                              │                
                │──────────────────────────────────────────────│                
                │> f: Alice - Online                           │                
                │  g: Aliens Group - 42 members                │                
                │                                              │                
                │                                              │                
                │[↑↓] Navigate [Enter] Jump [Esc] Close        │                
                └──────────────────────────────────────────────┘                
                                                                                
                                                                                
                                                                                
                                                                                
                                                                                
                                                                                
                                                                                
────────────────────────────────────────────────────────────────────────────────
