---
source: rs-toxcore-c/toxxi/tests/widgets/message_list_test.rs
expression: rendered
---
────────────────────────────────────────────────────────────
                                                            
                                                            
                                                            
                                                            
                                                            
                                                            
                                                            
[12:00] ● Alice | First message                             
        ●       | Second message (grouped)                  
[12:05] ● Alice | Third message (not grouped)               
────────────────────────────────────────────────────────────
