---
source: rs-toxcore-c/toxxi/tests/widgets/status_bar_test.rs
expression: rendered
---
────────────────────────────────────────────────────────────────────────────────
<Tester> [Online] Nodes: [⢀⣤⡇       ]                                           
────────────────────────────────────────────────────────────────────────────────