---
source: rs-toxcore-c/toxxi/tests/widgets/message_list_test.rs
expression: rendered
---
────────────────────────────────────────────────────────────
                                                            
                                                            
                                                            
                                                            
                                                            
                                                            
                                                            
                                                            
                                                            
[12:00] ● Alice | 你好! 🤝🏾 How is the 🦀?                   
────────────────────────────────────────────────────────────
