---
source: rs-toxcore-c/toxxi/tests/widgets/sidebar_test.rs
expression: rendered
---
──────────────────────────────
Contacts                     │
  ▼ 👤 Friends               │
┃   ● Alice                  │
                             │
  ▼ 👥 Groups                │
    # Rust Group (1)         │
                             │
                             │
                             │
                             │
──────────────────────────────
