---
source: rs-toxcore-c/toxxi/tests/widgets/file_transfer_test.rs
expression: rendered
---
────────────────────────────────────────────────────────────
╭─ 📥 document.pdf [5.0 MB]────────────────────────────────╮
│ ██████████░░░░░░░░░░░░░░░░░░░░░░░░  30% (500 KB/s)       │
╰─[ (a) Accept (p) Pause/Res (o) Dest (x) Cancel ]─────────╯
                                                            
                                                            
────────────────────────────────────────────────────────────
